
> frontend@0.1.0 test:e2e /Users/randalladams/dev/hmaas-2/frontend
> start-server-and-test dev http://localhost:3000 'cypress run'

1: starting server using command "npm run dev"
and when url "[ 'http://localhost:3000' ]" is responding with HTTP status code 200
running tests using command "cypress run"


> frontend@0.1.0 dev
> dotenv -e ../../.env -- next dev

▲ Next.js 16.1.6 (Turbopack)
- Local:         http://localhost:3000
- Network:       http://192.168.68.59:3000

✓ Starting...
✓ Ready in 535ms
 HEAD / 200 in 857ms (compile: 692ms, render: 164ms)

DevTools listening on ws://127.0.0.1:59056/devtools/browser/fb497426-386c-4aa4-82d7-0f0af85c7991
Warning: The allowCypressEnv configuration option is enabled. This allows any browser code to read values from Cypress.env(). This is insecure and will be removed in a future major version.

1. Replace Cypress.env() calls with cy.env() (for sensitive values) or Cypress.expose() (for public configuration)
2. Set allowCypressEnv: false in your Cypress configuration to disable Cypress.env()

Learn more: https://on.cypress.io/cypress-env-migration


================================================

  (Run Starting)

  ┌────────────────────────────────────────────────────────────────────────────────────────────────┐
  │ Cypress:        15.10.0                                                                        │
  │ Browser:        Electron 138 (headless)                                                        │
  │ Node Version:   v22.18.0 (/Users/randalladams/.nvm/versions/node/v22.18.0/bin/node)            │
  │ Specs:          1 found (smoke.cy.ts)                                                          │
  │ Searched:       cypress/e2e/**/*.cy.{js,jsx,ts,tsx}                                            │
  └────────────────────────────────────────────────────────────────────────────────────────────────┘


────────────────────────────────────────────────────────────────────────────────────────────────────
                                                                                                    
  Running:  smoke.cy.ts                                                                     (1 of 1)


  Smoke Test
 GET / 200 in 49ms (compile: 13ms, render: 36ms)
    1) should load the home page
 GET / 200 in 33ms (compile: 5ms, render: 28ms)
    ✓ should verify accessibility on home page (497ms)
 GET /admin 200 in 1449ms (compile: 1373ms, render: 76ms)
    ✓ should navigate to admin page (redirects to login if not auth) (1860ms)


  2 passing (7s)
  1 failing

  1) Smoke Test
       should load the home page:
     AssertionError: Timed out retrying after 4000ms: Expected to find content: 'Serverless Template App' but never did.
      at Context.eval (webpack://frontend/./cypress/e2e/smoke.cy.ts:4:47)




  (Results)

  ┌────────────────────────────────────────────────────────────────────────────────────────────────┐
  │ Tests:        3                                                                                │
  │ Passing:      2                                                                                │
  │ Failing:      1                                                                                │
  │ Pending:      0                                                                                │
  │ Skipped:      0                                                                                │
  │ Screenshots:  1                                                                                │
  │ Video:        false                                                                            │
  │ Duration:     7 seconds                                                                        │
  │ Spec Ran:     smoke.cy.ts                                                                      │
  └────────────────────────────────────────────────────────────────────────────────────────────────┘


  (Screenshots)

  -  /Users/randalladams/dev/hmaas-2/frontend/cypress/screenshots/smoke.cy.ts/Smoke T    (2560x1440)
     est -- should load the home page (failed).png                                                  


================================================

  (Run Finished)


       Spec                                              Tests  Passing  Failing  Pending  Skipped  
  ┌────────────────────────────────────────────────────────────────────────────────────────────────┐
  │ ✖  smoke.cy.ts                              00:07        3        2        1        -        - │
  └────────────────────────────────────────────────────────────────────────────────────────────────┘
    ✖  1 of 1 failed (100%)                     00:07        3        2        1        -        -  

Error: Command failed with exit code 1: cypress run
    at makeError (/Users/randalladams/dev/hmaas-2/node_modules/.pnpm/execa@5.1.1/node_modules/execa/lib/error.js:60:11)
    at handlePromise (/Users/randalladams/dev/hmaas-2/node_modules/.pnpm/execa@5.1.1/node_modules/execa/index.js:118:26)
    at process.processTicksAndRejections (node:internal/process/task_queues:105:5) {
  shortMessage: 'Command failed with exit code 1: cypress run',
  command: 'cypress run',
  escapedCommand: '"cypress run"',
  exitCode: 1,
  signal: undefined,
  signalDescription: undefined,
  stdout: undefined,
  stderr: undefined,
  failed: true,
  timedOut: false,
  isCanceled: false,
  killed: false
}
/Users/randalladams/dev/hmaas-2/frontend:
 ERR_PNPM_RECURSIVE_RUN_FIRST_FAIL  frontend@0.1.0 test:e2e: `start-server-and-test dev http://localhost:3000 'cypress run'`
Exit status 1
[?25h
